../Core/Src/main.c:72:5:main	8	static
../Core/Src/main.c:140:6:SystemClock_Config	96	static
../Core/Src/main.c:185:13:MX_SPI2_Init	8	static
../Core/Src/main.c:225:13:MX_TIM1_Init	104	static
../Core/Src/main.c:301:13:MX_TIM2_Init	40	static
../Core/Src/main.c:346:13:MX_GPIO_Init	56	static
../Core/Src/main.c:401:6:bot_straight	8	static
../Core/Src/main.c:408:6:bot_right	8	static
../Core/Src/main.c:415:6:bot_left	8	static
../Core/Src/main.c:422:6:HAL_GPIO_EXTI_Rising_Callback	24	static
../Core/Src/main.c:462:6:HAL_GPIO_EXTI_Falling_Callback	16	static
../Core/Src/main.c:480:6:Error_Handler	8	static,ignoring_inline_asm
