../Drivers/STM32G0xx_HAL_Driver/Src/stm32g0xx_hal_pwr_ex.c:132:6:HAL_PWREx_EnableBatteryCharging	0	static
../Drivers/STM32G0xx_HAL_Driver/Src/stm32g0xx_hal_pwr_ex.c:147:6:HAL_PWREx_DisableBatteryCharging	0	static
../Drivers/STM32G0xx_HAL_Driver/Src/stm32g0xx_hal_pwr_ex.c:160:6:HAL_PWREx_EnablePORMonitorSampling	0	static
../Drivers/STM32G0xx_HAL_Driver/Src/stm32g0xx_hal_pwr_ex.c:170:6:HAL_PWREx_DisablePORMonitorSampling	0	static
../Drivers/STM32G0xx_HAL_Driver/Src/stm32g0xx_hal_pwr_ex.c:188:19:HAL_PWREx_ConfigPVD	12	static
../Drivers/STM32G0xx_HAL_Driver/Src/stm32g0xx_hal_pwr_ex.c:234:6:HAL_PWREx_EnablePVD	0	static
../Drivers/STM32G0xx_HAL_Driver/Src/stm32g0xx_hal_pwr_ex.c:244:6:HAL_PWREx_DisablePVD	0	static
../Drivers/STM32G0xx_HAL_Driver/Src/stm32g0xx_hal_pwr_ex.c:256:6:HAL_PWREx_EnableVddUSB	0	static
../Drivers/STM32G0xx_HAL_Driver/Src/stm32g0xx_hal_pwr_ex.c:265:6:HAL_PWREx_DisableVddUSB	0	static
../Drivers/STM32G0xx_HAL_Driver/Src/stm32g0xx_hal_pwr_ex.c:277:6:HAL_PWREx_EnableVddIO2	0	static
../Drivers/STM32G0xx_HAL_Driver/Src/stm32g0xx_hal_pwr_ex.c:287:6:HAL_PWREx_DisableVddIO2	0	static
../Drivers/STM32G0xx_HAL_Driver/Src/stm32g0xx_hal_pwr_ex.c:298:6:HAL_PWREx_EnablePVMUSB	0	static
../Drivers/STM32G0xx_HAL_Driver/Src/stm32g0xx_hal_pwr_ex.c:307:6:HAL_PWREx_DisablePVMUSB	0	static
../Drivers/STM32G0xx_HAL_Driver/Src/stm32g0xx_hal_pwr_ex.c:326:19:HAL_PWREx_ConfigPVM	12	static
../Drivers/STM32G0xx_HAL_Driver/Src/stm32g0xx_hal_pwr_ex.c:382:6:HAL_PWREx_EnableInternalWakeUpLine	0	static
../Drivers/STM32G0xx_HAL_Driver/Src/stm32g0xx_hal_pwr_ex.c:391:6:HAL_PWREx_DisableInternalWakeUpLine	0	static
../Drivers/STM32G0xx_HAL_Driver/Src/stm32g0xx_hal_pwr_ex.c:415:19:HAL_PWREx_EnableGPIOPullUp	4	static
../Drivers/STM32G0xx_HAL_Driver/Src/stm32g0xx_hal_pwr_ex.c:477:19:HAL_PWREx_DisableGPIOPullUp	4	static
../Drivers/STM32G0xx_HAL_Driver/Src/stm32g0xx_hal_pwr_ex.c:539:19:HAL_PWREx_EnableGPIOPullDown	4	static
../Drivers/STM32G0xx_HAL_Driver/Src/stm32g0xx_hal_pwr_ex.c:601:19:HAL_PWREx_DisableGPIOPullDown	4	static
../Drivers/STM32G0xx_HAL_Driver/Src/stm32g0xx_hal_pwr_ex.c:654:6:HAL_PWREx_EnablePullUpPullDownConfig	0	static
../Drivers/STM32G0xx_HAL_Driver/Src/stm32g0xx_hal_pwr_ex.c:665:6:HAL_PWREx_DisablePullUpPullDownConfig	0	static
../Drivers/STM32G0xx_HAL_Driver/Src/stm32g0xx_hal_pwr_ex.c:677:6:HAL_PWREx_EnableSRAMRetention	0	static
../Drivers/STM32G0xx_HAL_Driver/Src/stm32g0xx_hal_pwr_ex.c:689:6:HAL_PWREx_DisableSRAMRetention	0	static
../Drivers/STM32G0xx_HAL_Driver/Src/stm32g0xx_hal_pwr_ex.c:705:6:HAL_PWREx_EnableFlashPowerDown	0	static
../Drivers/STM32G0xx_HAL_Driver/Src/stm32g0xx_hal_pwr_ex.c:723:6:HAL_PWREx_DisableFlashPowerDown	0	static
../Drivers/STM32G0xx_HAL_Driver/Src/stm32g0xx_hal_pwr_ex.c:737:10:HAL_PWREx_GetVoltageRange	0	static
../Drivers/STM32G0xx_HAL_Driver/Src/stm32g0xx_hal_pwr_ex.c:763:19:HAL_PWREx_ControlVoltageScaling	8	static
../Drivers/STM32G0xx_HAL_Driver/Src/stm32g0xx_hal_pwr_ex.c:804:6:HAL_PWREx_EnableLowPowerRunMode	0	static
../Drivers/STM32G0xx_HAL_Driver/Src/stm32g0xx_hal_pwr_ex.c:819:19:HAL_PWREx_DisableLowPowerRunMode	8	static
../Drivers/STM32G0xx_HAL_Driver/Src/stm32g0xx_hal_pwr_ex.c:861:6:HAL_PWREx_EnterSHUTDOWNMode	0	static,ignoring_inline_asm
../Drivers/STM32G0xx_HAL_Driver/Src/stm32g0xx_hal_pwr_ex.c:932:13:HAL_PWREx_PVD_PVM_Rising_Callback	0	static
../Drivers/STM32G0xx_HAL_Driver/Src/stm32g0xx_hal_pwr_ex.c:943:13:HAL_PWREx_PVD_PVM_Falling_Callback	0	static
../Drivers/STM32G0xx_HAL_Driver/Src/stm32g0xx_hal_pwr_ex.c:885:6:HAL_PWREx_PVD_PVM_IRQHandler	16	static
